./gradlew : e: file:///C:/Users/BC/A
ndroidStudioProjects/Snake/app/src/m
ain/java/com/acesur/snake/ui/GameScr
een.kt:454:14 Unresolved reference '
border'.
At line:1 char:1
+ ./gradlew assembleDebug -q > build
_errors.txt 2>&1; cat build_errors. 
...
+ ~~~~~~~~~~~~~~~~~~~~~~~~~~~~~~~~~~
~~~~~~~~~~~~~~~~
    + CategoryInfo          : NotSp 
   ecified: (e: file:///C:/U...ren  
  ce 'border'.:String) [], Remote   
 Exception
    + FullyQualifiedErrorId : Nativ 
   eCommandError
 
e: file:///C:/Users/BC/AndroidStudio
Projects/Snake/app/src/main/java/com
/acesur/snake/ui/GameScreen.kt:460:1
4 Unresolved reference 'border'.

FAILURE: Build failed with an except
ion.

* What went wrong:
Execution failed for task ':app:comp
ileDebugKotlin'.
> A failure occurred while executing
 org.jetbrains.kotlin.compilerRunner
.GradleCompilerRunnerWithWorkers$Gra
dleKotlinCompilerWorkAction
   > Compilation error. See log for 
more details

* Try:
> Run with --stacktrace option to ge
t the stack trace.
> Run with --info or --debug option 
to get more log output.
> Run with --scan to generate a Buil
d Scan (Powered by Develocity).
> Get more help at https://help.grad
le.org.

BUILD FAILED in 2s
